============================= test session starts =============================
platform win32 -- Python 3.11.14, pytest-9.0.2, pluggy-1.6.0
rootdir: C:\Users\fe_ma\Projects\quant-ai-lab
collected 2 items

tests\test_arima_garch_var.py FF                                         [100%]

================================== FAILURES ===================================
_____________________ test_arima_garch_forecast_structure _____________________

    def test_arima_garch_forecast_structure():
        """
        Verifies that arima_garch_forecast returns a Series with the correct index and valid values.
        """
        # 1. Generate Synthetic Data (Random Walk)
        np.random.seed(42)
        dates = pd.date_range(start="2023-01-01", periods=200, freq='B')
        returns = np.random.normal(0, 1, 200) # Already scaled "like" 100x returns
    
        data = pd.Series(returns, index=dates)
    
        # Split
        train_data = data.iloc[:150]
        test_data = data.iloc[150:]
    
        # 2. Run Forecast
        # Using simple orders to be fast
>       var_forecast = arima_garch_forecast(train_data, test_data, p=1, q=0, garch_p=1, garch_q=1)
                       ^^^^^^^^^^^^^^^^^^^^^^^^^^^^^^^^^^^^^^^^^^^^^^^^^^^^^^^^^^^^^^^^^^^^^^^^^^^

tests\test_arima_garch_var.py:29: 
_ _ _ _ _ _ _ _ _ _ _ _ _ _ _ _ _ _ _ _ _ _ _ _ _ _ _ _ _ _ _ _ _ _ _ _ _ _ _ _
src\models\volatility\arima_garch.py:130: in arima_garch_forecast
    var_forecast.index = test_data.index
    ^^^^^^^^^^^^^^^^^^
..\..\miniconda3\envs\quant-ai-lab\Lib\site-packages\pandas\core\generic.py:6335: in __setattr__
    return object.__setattr__(self, name, value)
           ^^^^^^^^^^^^^^^^^^^^^^^^^^^^^^^^^^^^^
pandas/_libs/properties.pyx:69: in pandas._libs.properties.AxisProperty.__set__
    ???
..\..\miniconda3\envs\quant-ai-lab\Lib\site-packages\pandas\core\generic.py:817: in _set_axis
    self._mgr.set_axis(axis, labels)
..\..\miniconda3\envs\quant-ai-lab\Lib\site-packages\pandas\core\internals\managers.py:238: in set_axis
    self._validate_set_axis(axis, new_labels)
_ _ _ _ _ _ _ _ _ _ _ _ _ _ _ _ _ _ _ _ _ _ _ _ _ _ _ _ _ _ _ _ _ _ _ _ _ _ _ _

self = SingleBlockManager
Items: DatetimeIndex(['2023-01-02', '2023-01-03', '2023-01-04', '2023-01-05',
               '2023-...'2023-10-05', '2023-10-06'],
              dtype='datetime64[ns]', length=200, freq='B')
NumpyBlock: 200 dtype: float64
axis = 0
new_labels = DatetimeIndex(['2023-07-31', '2023-08-01', '2023-08-02', '2023-08-03',
               '2023-08-04', '2023-08-07', '202...'2023-10-03', '2023-10-04',
               '2023-10-05', '2023-10-06'],
              dtype='datetime64[ns]', freq='B')

    @final
    def _validate_set_axis(self, axis: AxisInt, new_labels: Index) -> None:
        # Caller is responsible for ensuring we have an Index object.
        old_len = len(self.axes[axis])
        new_len = len(new_labels)
    
        if axis == 1 and len(self.items) == 0:
            # If we are setting the index on a DataFrame with no columns,
            #  it is OK to change the length.
            pass
    
        elif new_len != old_len:
>           raise ValueError(
                f"Length mismatch: Expected axis has {old_len} elements, new "
                f"values have {new_len} elements"
            )
E           ValueError: Length mismatch: Expected axis has 200 elements, new values have 50 elements

..\..\miniconda3\envs\quant-ai-lab\Lib\site-packages\pandas\core\internals\base.py:98: ValueError
---------------------------- Captured stdout call -----------------------------
\n\u26a1 Fitting ARIMA(1,0,0)-GARCH(1,1) for VaR Projection...
________________________ test_arima_garch_linear_trend ________________________

    def test_arima_garch_linear_trend():
        """
        Verifies that ARIMA captures a simple trend.
        """
        # Create data with a strong drift
        np.random.seed(42)
        dates = pd.date_range(start="2023-01-01", periods=100, freq='B')
        # Trend + Noise
        # Returns have a positive mean 0.5
        returns = np.random.normal(0.5, 0.1, 100)
    
        data = pd.Series(returns, index=dates)
        train = data.iloc[:80]
        test = data.iloc[80:]
    
        # Forecast
>       var_forecast = arima_garch_forecast(train, test, p=1, q=0, confidence_level=0.99)
                       ^^^^^^^^^^^^^^^^^^^^^^^^^^^^^^^^^^^^^^^^^^^^^^^^^^^^^^^^^^^^^^^^^^

tests\test_arima_garch_var.py:60: 
_ _ _ _ _ _ _ _ _ _ _ _ _ _ _ _ _ _ _ _ _ _ _ _ _ _ _ _ _ _ _ _ _ _ _ _ _ _ _ _
src\models\volatility\arima_garch.py:130: in arima_garch_forecast
    var_forecast.index = test_data.index
    ^^^^^^^^^^^^^^^^^^
..\..\miniconda3\envs\quant-ai-lab\Lib\site-packages\pandas\core\generic.py:6335: in __setattr__
    return object.__setattr__(self, name, value)
           ^^^^^^^^^^^^^^^^^^^^^^^^^^^^^^^^^^^^^
pandas/_libs/properties.pyx:69: in pandas._libs.properties.AxisProperty.__set__
    ???
..\..\miniconda3\envs\quant-ai-lab\Lib\site-packages\pandas\core\generic.py:817: in _set_axis
    self._mgr.set_axis(axis, labels)
..\..\miniconda3\envs\quant-ai-lab\Lib\site-packages\pandas\core\internals\managers.py:238: in set_axis
    self._validate_set_axis(axis, new_labels)
_ _ _ _ _ _ _ _ _ _ _ _ _ _ _ _ _ _ _ _ _ _ _ _ _ _ _ _ _ _ _ _ _ _ _ _ _ _ _ _

self = SingleBlockManager
Items: DatetimeIndex(['2023-01-02', '2023-01-03', '2023-01-04', '2023-01-05',
               '2023-...023-05-17', '2023-05-18', '2023-05-19'],
              dtype='datetime64[ns]', freq='B')
NumpyBlock: 100 dtype: float64
axis = 0
new_labels = DatetimeIndex(['2023-04-24', '2023-04-25', '2023-04-26', '2023-04-27',
               '2023-04-28', '2023-05-01', '202...               '2023-05-16', '2023-05-17', '2023-05-18', '2023-05-19'],
              dtype='datetime64[ns]', freq='B')

    @final
    def _validate_set_axis(self, axis: AxisInt, new_labels: Index) -> None:
        # Caller is responsible for ensuring we have an Index object.
        old_len = len(self.axes[axis])
        new_len = len(new_labels)
    
        if axis == 1 and len(self.items) == 0:
            # If we are setting the index on a DataFrame with no columns,
            #  it is OK to change the length.
            pass
    
        elif new_len != old_len:
>           raise ValueError(
                f"Length mismatch: Expected axis has {old_len} elements, new "
                f"values have {new_len} elements"
            )
E           ValueError: Length mismatch: Expected axis has 100 elements, new values have 20 elements

..\..\miniconda3\envs\quant-ai-lab\Lib\site-packages\pandas\core\internals\base.py:98: ValueError
---------------------------- Captured stdout call -----------------------------
\n\u26a1 Fitting ARIMA(1,0,0)-GARCH(1,1) for VaR Projection...
============================== warnings summary ===============================
tests/test_arima_garch_var.py::test_arima_garch_linear_trend
  C:\Users\fe_ma\miniconda3\envs\quant-ai-lab\Lib\site-packages\arch\univariate\base.py:694: DataScaleWarning: y is poorly scaled, which may affect convergence of the optimizer when
  estimating the model parameters. The scale of y is 0.009045. Parameter
  estimation work better when this value is between 1 and 1000. The recommended
  rescaling is 10 * y.
  
  This warning can be disabled by either rescaling y before initializing the
  model or by setting rescale=False.
  
    self._check_scale(resids)

-- Docs: https://docs.pytest.org/en/stable/how-to/capture-warnings.html
=========================== short test summary info ===========================
FAILED tests/test_arima_garch_var.py::test_arima_garch_forecast_structure - V...
FAILED tests/test_arima_garch_var.py::test_arima_garch_linear_trend - ValueEr...
======================== 2 failed, 1 warning in 3.00s =========================
